test_clipped_irq_ioctls_do_not_become_complete_latency_samples (test_analyze_trace.AttributionTests.test_clipped_irq_ioctls_do_not_become_complete_latency_samples) ... ok
test_kernel_handled_exits_and_serial_irqs_are_not_virtio_savings (test_analyze_trace.AttributionTests.test_kernel_handled_exits_and_serial_irqs_are_not_virtio_savings) ... ok
test_only_notify_followed_by_same_vcpu_userspace_return_is_eligible (test_analyze_trace.AttributionTests.test_only_notify_followed_by_same_vcpu_userspace_return_is_eligible) ... ok
test_kernel_named_userspace_helpers_cannot_bypass_credentials (test_probe_jail.IsolationEvidenceTests.test_kernel_named_userspace_helpers_cannot_bypass_credentials) ... ok
test_artifacts_cannot_escape_worktree (test_run.EvidenceTests.test_artifacts_cannot_escape_worktree) ... ok
test_backpressure_failure_joins_sender_after_shutdown_error (test_run.EvidenceTests.test_backpressure_failure_joins_sender_after_shutdown_error) ... ok
test_closed_and_oversized_responses_fail (test_run.EvidenceTests.test_closed_and_oversized_responses_fail) ... ok
test_cpu_accounting_includes_every_thread (test_run.EvidenceTests.test_cpu_accounting_includes_every_thread) ... ok
test_differing_payload_or_affinity_never_pool (test_run.EvidenceTests.test_differing_payload_or_affinity_never_pool) ... ok
test_failed_runs_never_become_passing_latency_samples (test_run.EvidenceTests.test_failed_runs_never_become_passing_latency_samples) ... ok
test_framed_response_integrity (test_run.EvidenceTests.test_framed_response_integrity) ... ok
test_host_controls_do_not_double_count_guest_cpu (test_run.EvidenceTests.test_host_controls_do_not_double_count_guest_cpu) ... ok
test_nanosecond_cpu_includes_all_threads_without_tick_quantization (test_run.EvidenceTests.test_nanosecond_cpu_includes_all_threads_without_tick_quantization) ... ok
test_native_integrity_failure_is_not_a_completed_operation (test_run.EvidenceTests.test_native_integrity_failure_is_not_a_completed_operation) ... ok
test_newc_alignment_and_contents (test_run.EvidenceTests.test_newc_alignment_and_contents) ... ok
test_real_pty_stream_framing_and_exit_are_checked (test_run.EvidenceTests.test_real_pty_stream_framing_and_exit_are_checked) ... ok
test_reset_host_counters_invalidate_controls (test_run.EvidenceTests.test_reset_host_counters_invalidate_controls) ... ok
test_thread_roster_changes_invalidate_cpu_sample (test_run.EvidenceTests.test_thread_roster_changes_invalidate_cpu_sample) ... ok
test_noise_or_changed_conditions_reject_candidate_before_vm_start (test_run.FrozenGateTests.test_noise_or_changed_conditions_reject_candidate_before_vm_start) ... ok
test_short_old_or_mixed_baselines_cannot_freeze (test_run.FrozenGateTests.test_short_old_or_mixed_baselines_cannot_freeze) ... ok

----------------------------------------------------------------------
Ran 20 tests in 0.269s

OK
a1fe52eed614e632a838681ef8554d40890a21d75000265e279625dac75ea8bc  benchmarks/virtio-eventfd/results/20261004/post-cleanup-fresh-validation.tar.gz
16ba982cc1232e6bef9732e49aa28a91a63e6d31e7d4bd951c1474d2d3a6f3ef  benchmarks/virtio-eventfd/results/20261004/post-cleanup-fresh-validation.json
ea7ec25c6e31ae05cd84372bf9c6c2a96554cf28c2a6f10f7ab5ed7d23095343  benchmarks/virtio-eventfd/results/20261004/mixed-scale-validation.tar.gz
32abef97fc3db2c926231f93a42d40a22398bb6f7e4cff8eecd6de3f9f1cc4c4  benchmarks/virtio-eventfd/results/20261004/mixed-scale-validation.json
85b29b2c8cab49eff0b3b866240ed9f185ea91880a04478dca1fd3cd1088bcd5  benchmarks/virtio-eventfd/results/20261004/halt-acceptance-validation.tar.gz
e391136ea14a81c39dd416e7cf0aeddbdd0332aada0eb0ebc22869530487ae48  benchmarks/virtio-eventfd/results/20261004/halt-acceptance-validation.json
8f1ca382cc9678804cae31cecdfd4fcf7183e68986dd9249680edaae07bd8f6e  .perf/eventfd/q6/ReleaseSafe/flint
ccd6f4fb476925efe297aac9c21f5f30d8a0172e91a0bd35a9249a9d96955c34  .perf/eventfd/q6/Debug/flint
